Status Code: 200
Response: {"session_id":"46dec5eb-0e01-4498-a3cc-a7502568d411","initial_task":{"task_id":"d1f22af2-e947-4d37-b85d-b98b98d12c00","task_type":"clarify","prompt":"Explain the key term in your own words.\n\nContext (for reference):\n[SELECTION] test_selection...","rubric_json":{"grounding":{"weight":0.3,"description":"Are claims supported by the provided context? Penalty for unsupported assertions."},"coherence":{"weight":0.25,"description":"Is there clear logical flow in the explanation?"},"completeness":{"weight":0.2,"description":"Does the response address the main concepts in the selection?"},"transfer":{"weight":0.15,"description":"Does the response show understanding beyond simple paraphrasing?"},"effort":{"weight":0.1,"description":"Is there sufficient detail and thoughtfulness?"}},"context_pack":{"excerpts":[{"excerpt_id":"raw_-5134784945105327452","content":"test_selection","source_type":"selection","source_id":"raw","relevance_score":1.0,"metadata":{"title":"Selected Text","is_raw":true}}],"concepts":[],"metadata":{"graph_id":"default","branch_id":"main","selection_id":"raw","is_raw":true}},"compatible_modes":["explain","typing"],"disruption_cost":0.1},"mode_state":{"current_mode":"explain","inertia":0.5,"threshold":0.35}}
